mvnd : Mar 24, 2026 
12:21:04 PM 
org.jline.utils.Log 
logr
Au caractère Ligne:1 : 
1
+ mvnd clean compile 
spring-boot:run > 
app.log 2>&1
+ ~~~~~~~~~~~~~~~~~~~~~
~~~~~~~~~~~~~~~~~~~~~~~
~~~~~
    + CategoryInfo     
         : NotSpecifi  
  ed: (Mar 24, 2026    
 12....utils.Log lo    
gr:String) [], Rem    
oteException
    + FullyQualifiedEr 
   rorId : NativeComm  
  andError
 
WARNING: Unable to 
create a system 
terminal, creating a 
dumb terminal (enable 
debug logging for more 
information)
[main] WARNING 
org.jline - Unable to 
create a system 
terminal, creating a 
dumb terminal (enable 
debug logging for more 
information)
[INFO] Processing build on daemon 92e7ccd2
[INFO] Scanning for projects...
[INFO] BuildTimeEventSpy is registered.
[INFO] 
[INFO] Using the SmartBuilder implementation with a thread count of 11
[INFO] 
[INFO] --------------------------< com.Jobstream:V0 >--------------------------
[INFO] Building JobStream 0.0.1-SNAPSHOT
[INFO]   from pom.xml
[INFO] --------------------------------[ jar ]---------------------------------
[INFO] 
[INFO] --- clean:3.3.2:clean (default-clean) @ V0 ---
[INFO] Deleting C:\End_Year\V0\target
[INFO] 
[INFO] --- resources:3.3.1:resources (default-resources) @ V0 ---
[INFO] Copying 2 resources from src\main\resources to target\classes
[INFO] Copying 19 resources from src\main\resources to target\classes
[INFO] 
[INFO] --- compiler:3.11.0:compile (default-compile) @ V0 ---
[INFO] Changes detected - recompiling the module! :source
[INFO] Compiling 145 source files with javac [debug release 17] to target\classes
[INFO] 
[INFO] >>> spring-boot:3.2.4:run (default-cli) > test-compile @ V0 >>>
[INFO] 
[INFO] --- resources:3.3.1:resources (default-resources) @ V0 ---
[INFO] Copying 2 resources from src\main\resources to target\classes
[INFO] Copying 19 resources from src\main\resources to target\classes
[INFO] 
[INFO] --- compiler:3.11.0:compile (default-compile) @ V0 ---
[INFO] Nothing to compile - all classes are up to date
[INFO] 
[INFO] --- resources:3.3.1:testResources (default-testResources) @ V0 ---
[INFO] Copying 1 resource from src\test\resources to target\test-classes
[INFO] 
[INFO] --- compiler:3.11.0:testCompile (default-testCompile) @ V0 ---
[INFO] Changes detected - recompiling the module! :dependency
[INFO] Compiling 12 source files with javac [debug release 17] to target\test-classes
[INFO] 
[INFO] <<< spring-boot:3.2.4:run (default-cli) < test-compile @ V0 <<<
[INFO] 
[INFO] 
[INFO] --- spring-boot:3.2.4:run (default-cli) @ V0 ---
[INFO] Attaching agents: []
[INFO] [stdout] 
[INFO] [stdout]   .   ____          _            __ _ _
[INFO] [stdout]  /\\ / ___'_ __ _ _(_)_ __  __ _ \ \ \ \
[INFO] [stdout] ( ( )\___ | '_ | '_| | '_ \/ _` | \ \ \ \
[INFO] [stdout]  \\/  ___)| |_)| | | | | || (_| |  ) ) ) )
[INFO] [stdout]   '  |____| .__|_| |_|_| |_\__, | / / / /
[INFO] [stdout]  =========|_|==============|___/=/_/_/_/
[INFO] [stdout]  :: Spring Boot ::                (v3.2.4)
[INFO] [stdout] 
[INFO] [stdout] 2026-03-24T12:21:15.338+01:00  INFO 23556 --- [V0] [  restartedMain] com.Jobstream.V0.V0Application           : Starting V0Application using Java 17.0.12 with PID 23556 (C:\End_Year\V0\target\classes started by ycode in C:\End_Year\V0)
[INFO] [stdout] 2026-03-24T12:21:15.340+01:00 DEBUG 23556 --- [V0] [  restartedMain] com.Jobstream.V0.V0Application           : Running with Spring Boot v3.2.4, Spring v6.1.5
[INFO] [stdout] 2026-03-24T12:21:15.341+01:00  INFO 23556 --- [V0] [  restartedMain] com.Jobstream.V0.V0Application           : No active profile set, falling back to 1 default profile: "default"
[INFO] [stdout] 2026-03-24T12:21:15.382+01:00  INFO 23556 --- [V0] [  restartedMain] .e.DevToolsPropertyDefaultsPostProcessor : Devtools property defaults active! Set 'spring.devtools.add-properties' to 'false' to disable
[INFO] [stdout] 2026-03-24T12:21:15.382+01:00  INFO 23556 --- [V0] [  restartedMain] .e.DevToolsPropertyDefaultsPostProcessor : For additional web related logging consider setting the 'logging.level.web' property to 'DEBUG'
[INFO] [stdout] 2026-03-24T12:21:16.069+01:00  INFO 23556 --- [V0] [  restartedMain] .s.d.r.c.RepositoryConfigurationDelegate : Bootstrapping Spring Data JPA repositories in DEFAULT mode.
[INFO] [stdout] 2026-03-24T12:21:16.151+01:00  INFO 23556 --- [V0] [  restartedMain] .s.d.r.c.RepositoryConfigurationDelegate : Finished Spring Data repository scanning in 70 ms. Found 15 JPA repository interfaces.
[INFO] [stdout] 2026-03-24T12:21:16.649+01:00  INFO 23556 --- [V0] [  restartedMain] o.s.b.w.embedded.tomcat.TomcatWebServer  : Tomcat initialized with port 8081 (http)
[INFO] [stdout] 2026-03-24T12:21:16.652+01:00  INFO 23556 --- [V0] [  restartedMain] o.a.catalina.core.AprLifecycleListener   : Loaded Apache Tomcat Native library [2.0.9] using APR version [1.7.6].
[INFO] [stdout] 2026-03-24T12:21:16.657+01:00  INFO 23556 --- [V0] [  restartedMain] o.a.catalina.core.AprLifecycleListener   : OpenSSL successfully initialized [OpenSSL 3.5.0 8 Apr 2025]
[INFO] [stdout] 2026-03-24T12:21:16.663+01:00  INFO 23556 --- [V0] [  restartedMain] o.apache.catalina.core.StandardService   : Starting service [Tomcat]
[INFO] [stdout] 2026-03-24T12:21:16.663+01:00  INFO 23556 --- [V0] [  restartedMain] o.apache.catalina.core.StandardEngine    : Starting Servlet engine: [Apache Tomcat/10.1.19]
[INFO] [stdout] 2026-03-24T12:21:16.703+01:00  INFO 23556 --- [V0] [  restartedMain] o.a.c.c.C.[Tomcat].[localhost].[/]       : Initializing Spring embedded WebApplicationContext
[INFO] [stdout] 2026-03-24T12:21:16.703+01:00  INFO 23556 --- [V0] [  restartedMain] w.s.c.ServletWebServerApplicationContext : Root WebApplicationContext: initialization completed in 1321 ms
[INFO] [stdout] 2026-03-24T12:21:16.781+01:00  INFO 23556 --- [V0] [  restartedMain] com.zaxxer.hikari.HikariDataSource       : HikariPool-1 - Starting...
[INFO] [stdout] 2026-03-24T12:21:16.902+01:00  INFO 23556 --- [V0] [  restartedMain] com.zaxxer.hikari.pool.HikariPool        : HikariPool-1 - Added connection org.postgresql.jdbc.PgConnection@79568462
[INFO] [stdout] 2026-03-24T12:21:16.903+01:00  INFO 23556 --- [V0] [  restartedMain] com.zaxxer.hikari.HikariDataSource       : HikariPool-1 - Start completed.
[INFO] [stdout] 2026-03-24T12:21:17.013+01:00  INFO 23556 --- [V0] [  restartedMain] liquibase.database                       : Set default schema name to public
[INFO] [stdout] 2026-03-24T12:21:17.269+01:00  INFO 23556 --- [V0] [  restartedMain] liquibase.changelog                      : Reading from public.databasechangelog
[INFO] [stdout] Database is up to date, no changesets to execute
[INFO] [stdout] 2026-03-24T12:21:17.319+01:00  INFO 23556 --- [V0] [  restartedMain] liquibase.changelog                      : Reading from public.databasechangelog
[INFO] [stdout] 2026-03-24T12:21:17.350+01:00  INFO 23556 --- [V0] [  restartedMain] liquibase.util                           : UPDATE SUMMARY
[INFO] [stdout] 2026-03-24T12:21:17.350+01:00  INFO 23556 --- [V0] [  restartedMain] liquibase.util                           : Run:                          0
[INFO] [stdout] 2026-03-24T12:21:17.350+01:00  INFO 23556 --- [V0] [  restartedMain] liquibase.util                           : Previously run:              18
[INFO] [stdout] 2026-03-24T12:21:17.350+01:00  INFO 23556 --- [V0] [  restartedMain] liquibase.util                           : Filtered out:                 0
[INFO] [stdout] 2026-03-24T12:21:17.350+01:00  INFO 23556 --- [V0] [  restartedMain] liquibase.util                           : -------------------------------
[INFO] [stdout] 2026-03-24T12:21:17.350+01:00  INFO 23556 --- [V0] [  restartedMain] liquibase.util                           : Total change sets:           18
[INFO] [stdout] 2026-03-24T12:21:17.350+01:00  INFO 23556 --- [V0] [  restartedMain] liquibase.util                           : Update summary generated
[INFO] [stdout] 2026-03-24T12:21:17.386+01:00  INFO 23556 --- [V0] [  restartedMain] liquibase.lockservice                    : Successfully released change log lock
[INFO] [stdout] 2026-03-24T12:21:17.389+01:00  INFO 23556 --- [V0] [  restartedMain] liquibase.command                        : Command execution complete
[INFO] [stdout] 2026-03-24T12:21:17.448+01:00  INFO 23556 --- [V0] [  restartedMain] o.hibernate.jpa.internal.util.LogHelper  : HHH000204: Processing PersistenceUnitInfo [name: default]
[INFO] [stdout] 2026-03-24T12:21:17.485+01:00  INFO 23556 --- [V0] [  restartedMain] org.hibernate.Version                    : HHH000412: Hibernate ORM core version 6.4.4.Final
[INFO] [stdout] 2026-03-24T12:21:17.508+01:00  INFO 23556 --- [V0] [  restartedMain] o.h.c.internal.RegionFactoryInitiator    : HHH000026: Second-level cache disabled
[INFO] [stdout] 2026-03-24T12:21:17.638+01:00  INFO 23556 --- [V0] [  restartedMain] o.s.o.j.p.SpringPersistenceUnitInfo      : No LoadTimeWeaver setup: ignoring JPA class transformer
[INFO] [stdout] 2026-03-24T12:21:17.671+01:00  WARN 23556 --- [V0] [  restartedMain] org.hibernate.orm.deprecation            : HHH90000025: PostgreSQLDialect does not need to be specified explicitly using 'hibernate.dialect' (remove the property setting and it will be selected by default)
[INFO] [stdout] 2026-03-24T12:21:18.531+01:00  INFO 23556 --- [V0] [  restartedMain] o.h.e.t.j.p.i.JtaPlatformInitiator       : HHH000489: No JTA platform available (set 'hibernate.transaction.jta.platform' to enable JTA platform integration)
[INFO] [stdout] 2026-03-24T12:21:18.560+01:00  INFO 23556 --- [V0] [  restartedMain] j.LocalContainerEntityManagerFactoryBean : Initialized JPA EntityManagerFactory for persistence unit 'default'
[INFO] [stdout] 2026-03-24T12:21:18.756+01:00  INFO 23556 --- [V0] [  restartedMain] o.s.d.j.r.query.QueryEnhancerFactory     : Hibernate is in classpath; If applicable, HQL parser will be used.
[INFO] [stdout] 2026-03-24T12:21:19.020+01:00 DEBUG 23556 --- [V0] [  restartedMain] c.J.V0.security.JwtAuthenticationFilter  : Filter 'jwtAuthenticationFilter' configured for use
[INFO] [stdout] 2026-03-24T12:21:19.843+01:00  WARN 23556 --- [V0] [  restartedMain] JpaBaseConfiguration$JpaWebConfiguration : spring.jpa.open-in-view is enabled by default. Therefore, database queries may be performed during view rendering. Explicitly configure spring.jpa.open-in-view to disable this warning
[INFO] [stdout] 2026-03-24T12:21:20.074+01:00  INFO 23556 --- [V0] [  restartedMain] o.s.s.web.DefaultSecurityFilterChain     : Will secure any request with [org.springframework.security.web.session.DisableEncodeUrlFilter@540294d8, org.springframework.security.web.context.request.async.WebAsyncManagerIntegrationFilter@41898f65, org.springframework.security.web.context.SecurityContextHolderFilter@419d5c2a, org.springframework.security.web.header.HeaderWriterFilter@6e05563f, org.springframework.web.filter.CorsFilter@4b305d3f, org.springframework.security.web.authentication.logout.LogoutFilter@971f10d, org.springframework.security.oauth2.client.web.OAuth2AuthorizationRequestRedirectFilter@12995b3f, org.springframework.security.oauth2.client.web.OAuth2LoginAuthenticationFilter@29e79f32, com.Jobstream.V0.security.JwtAuthenticationFilter@77f91462, org.springframework.security.web.authentication.ui.DefaultLoginPageGeneratingFilter@e5b7013, org.springframework.security.web.authentication.ui.DefaultLogoutPageGeneratingFilter@10490963, org.springframework.security.web.savedrequest.RequestCacheAwareFilter@32769fd1, org.springframework.security.web.servletapi.SecurityContextHolderAwareRequestFilter@783477e5, org.springframework.security.web.authentication.AnonymousAuthenticationFilter@50adebe6, org.springframework.security.web.session.SessionManagementFilter@79309ddf, org.springframework.security.web.access.ExceptionTranslationFilter@26331f08, org.springframework.security.web.access.intercept.AuthorizationFilter@13df242c]
[INFO] [stdout] 2026-03-24T12:21:20.266+01:00  INFO 23556 --- [V0] [  restartedMain] o.s.b.d.a.OptionalLiveReloadServer       : LiveReload server is running on port 35729
[INFO] [stdout] 2026-03-24T12:21:20.313+01:00  INFO 23556 --- [V0] [  restartedMain] o.s.b.w.embedded.tomcat.TomcatWebServer  : Tomcat started on port 8081 (http) with context path ''
[INFO] [stdout] 2026-03-24T12:21:20.313+01:00  INFO 23556 --- [V0] [  restartedMain] o.s.m.s.b.SimpleBrokerMessageHandler     : Starting...
[INFO] [stdout] 2026-03-24T12:21:20.316+01:00  INFO 23556 --- [V0] [  restartedMain] o.s.m.s.b.SimpleBrokerMessageHandler     : BrokerAvailabilityEvent[available=true, SimpleBrokerMessageHandler [org.springframework.messaging.simp.broker.DefaultSubscriptionRegistry@5ea1e65c]]
[INFO] [stdout] 2026-03-24T12:21:20.316+01:00  INFO 23556 --- [V0] [  restartedMain] o.s.m.s.b.SimpleBrokerMessageHandler     : Started.
[INFO] [stdout] 2026-03-24T12:21:20.323+01:00  INFO 23556 --- [V0] [  restartedMain] com.Jobstream.V0.V0Application           : Started V0Application in 5.315 seconds (process running for 5.672)
